2026-03-22 12:13:30,675 [INFO] New Sanitization Session Initialized: 6d7455dc-c21f-466c-b5ae-b0b989b73d92
2026-03-22 12:13:48,918 [INFO] Target selected: /home/kasi7982/Desktop/SDW_Cert_cc96bab4.pdf using algorithm: Crypto-Shredding (AES-256 CTR)
2026-03-22 12:13:48,952 [INFO] Successfully eradicated: /home/kasi7982/Desktop/SDW_Cert_cc96bab4.pdf
2026-03-22 12:14:41,497 [INFO] Target selected: /home/kasi7982/Desktop/DTI (copy 1) using algorithm: Smart Batch Erasure
2026-03-22 12:14:41,524 [INFO] Successfully eradicated: /home/kasi7982/Desktop/DTI (copy 1)/__pycache__/cert_generator.cpython-313.pyc
2026-03-22 12:14:41,533 [INFO] Successfully eradicated: /home/kasi7982/Desktop/DTI (copy 1)/__pycache__/core.cpython-313.pyc
2026-03-22 12:14:41,546 [INFO] Successfully eradicated: /home/kasi7982/Desktop/DTI (copy 1)/__pycache__/app.cpython-313.pyc
2026-03-22 12:14:41,560 [INFO] Successfully eradicated: /home/kasi7982/Desktop/DTI (copy 1)/cert_generator.py
2026-03-22 12:14:41,574 [INFO] Successfully eradicated: /home/kasi7982/Desktop/DTI (copy 1)/requirements.txt
2026-03-22 12:14:41,588 [INFO] Successfully eradicated: /home/kasi7982/Desktop/DTI (copy 1)/resume.txt
2026-03-22 12:14:41,601 [INFO] Successfully eradicated: /home/kasi7982/Desktop/DTI (copy 1)/SDW_Cert_6d7455dc.pdf
2026-03-22 12:14:41,616 [INFO] Successfully eradicated: /home/kasi7982/Desktop/DTI (copy 1)/run.bat
2026-03-22 12:14:41,631 [INFO] Successfully eradicated: /home/kasi7982/Desktop/DTI (copy 1)/run.sh
2026-03-22 12:14:41,645 [INFO] Successfully eradicated: /home/kasi7982/Desktop/DTI (copy 1)/core.py
2026-03-22 12:14:41,660 [INFO] Successfully eradicated: /home/kasi7982/Desktop/DTI (copy 1)/app.py
2026-03-22 12:14:41,671 [INFO] Successfully eradicated: /home/kasi7982/Desktop/DTI (copy 1)/winui.jpeg
2026-03-22 12:14:41,684 [INFO] Successfully eradicated: /home/kasi7982/Desktop/DTI (copy 1)/logo.png
2026-03-22 12:14:41,698 [INFO] Successfully eradicated: /home/kasi7982/Desktop/DTI (copy 1)/sdw_audit.log
2026-03-22 12:15:43,523 [INFO] Target selected: /home/kasi7982/Desktop/DTI (copy 1) using algorithm: Smart Batch Erasure
2026-03-22 12:15:43,550 [INFO] Successfully eradicated: /home/kasi7982/Desktop/DTI (copy 1)/__pycache__/cert_generator.cpython-313.pyc
2026-03-22 12:15:43,559 [INFO] Successfully eradicated: /home/kasi7982/Desktop/DTI (copy 1)/__pycache__/core.cpython-313.pyc
2026-03-22 12:15:43,568 [INFO] Successfully eradicated: /home/kasi7982/Desktop/DTI (copy 1)/__pycache__/app.cpython-313.pyc
2026-03-22 12:15:43,580 [INFO] Successfully eradicated: /home/kasi7982/Desktop/DTI (copy 1)/cert_generator.py
2026-03-22 12:15:43,590 [INFO] Successfully eradicated: /home/kasi7982/Desktop/DTI (copy 1)/requirements.txt
2026-03-22 12:15:43,600 [INFO] Successfully eradicated: /home/kasi7982/Desktop/DTI (copy 1)/resume.txt
2026-03-22 12:15:43,612 [INFO] Successfully eradicated: /home/kasi7982/Desktop/DTI (copy 1)/SDW_Cert_6d7455dc.pdf
2026-03-22 12:15:43,622 [INFO] Successfully eradicated: /home/kasi7982/Desktop/DTI (copy 1)/run.bat
2026-03-22 12:15:43,633 [INFO] Successfully eradicated: /home/kasi7982/Desktop/DTI (copy 1)/run.sh
2026-03-22 12:15:43,643 [INFO] Successfully eradicated: /home/kasi7982/Desktop/DTI (copy 1)/core.py
2026-03-22 12:15:43,653 [INFO] Successfully eradicated: /home/kasi7982/Desktop/DTI (copy 1)/app.py
2026-03-22 12:15:43,663 [INFO] Successfully eradicated: /home/kasi7982/Desktop/DTI (copy 1)/winui.jpeg
2026-03-22 12:15:43,674 [INFO] Successfully eradicated: /home/kasi7982/Desktop/DTI (copy 1)/logo.png
2026-03-22 12:15:43,683 [INFO] Successfully eradicated: /home/kasi7982/Desktop/DTI (copy 1)/sdw_audit.log
2026-03-22 12:26:23,701 [INFO] New Sanitization Session Initialized: c799857d-fffa-40ba-801a-487e6cc4338f
2026-03-22 12:26:48,592 [INFO] Target selected: /home/kasi7982/Desktop/SDW_Cert_6d7455dc.pdf using algorithm: Crypto-Shredding (AES-256 CTR)
2026-03-22 12:26:48,628 [INFO] Successfully eradicated: /home/kasi7982/Desktop/SDW_Cert_6d7455dc.pdf
2026-03-22 12:30:28,175 [INFO] New Sanitization Session Initialized: 4b737e4d-7a1a-4899-ae88-074c689dbb84
2026-03-22 12:31:09,973 [INFO] Target selected: /home/kasi7982/Desktop/DTI.zip using algorithm: Crypto-Shredding (AES-256 CTR)
2026-03-22 12:31:10,005 [INFO] Successfully eradicated: /home/kasi7982/Desktop/DTI.zip
2026-03-22 12:32:36,433 [INFO] Target selected: /home/kasi7982/Desktop/DTI (copy 1) using algorithm: Smart Batch Erasure
2026-03-22 12:32:36,461 [INFO] Successfully eradicated: /home/kasi7982/Desktop/DTI (copy 1)/__pycache__/cert_generator.cpython-313.pyc
2026-03-22 12:32:36,471 [INFO] Successfully eradicated: /home/kasi7982/Desktop/DTI (copy 1)/__pycache__/core.cpython-313.pyc
2026-03-22 12:32:36,481 [INFO] Successfully eradicated: /home/kasi7982/Desktop/DTI (copy 1)/__pycache__/app.cpython-313.pyc
2026-03-22 12:32:36,493 [INFO] Successfully eradicated: /home/kasi7982/Desktop/DTI (copy 1)/cert_generator.py
2026-03-22 12:32:36,503 [INFO] Successfully eradicated: /home/kasi7982/Desktop/DTI (copy 1)/requirements.txt
2026-03-22 12:32:36,514 [INFO] Successfully eradicated: /home/kasi7982/Desktop/DTI (copy 1)/resume.txt
2026-03-22 12:32:36,524 [INFO] Successfully eradicated: /home/kasi7982/Desktop/DTI (copy 1)/run.bat
2026-03-22 12:32:36,534 [INFO] Successfully eradicated: /home/kasi7982/Desktop/DTI (copy 1)/run.sh
2026-03-22 12:32:36,545 [INFO] Successfully eradicated: /home/kasi7982/Desktop/DTI (copy 1)/core.py
2026-03-22 12:32:36,556 [INFO] Successfully eradicated: /home/kasi7982/Desktop/DTI (copy 1)/app.py
2026-03-22 12:32:36,565 [INFO] Successfully eradicated: /home/kasi7982/Desktop/DTI (copy 1)/winui.jpeg
2026-03-22 12:32:36,576 [INFO] Successfully eradicated: /home/kasi7982/Desktop/DTI (copy 1)/logo.png
2026-03-22 12:32:36,587 [INFO] Successfully eradicated: /home/kasi7982/Desktop/DTI (copy 1)/sdw_audit.log
2026-03-22 19:13:03,965 [INFO] New Sanitization Session Initialized: 84225345-4e48-4107-9ddc-b9b4789d1dee
2026-03-22 19:14:00,539 [INFO] Target selected: C:/Users/deviv/OneDrive/Desktop/New folder using algorithm: Smart Batch Erasure
